// Jest Snapshot v1, https://goo.gl/fbAQLP

exports[`Test Home component Home component should match snapshot 1`] = `
<div
  className="main"
  style={
    Object {
      "display": "flex",
      "flexDirection": "column",
    }
  }
>
  <h1
    className="h1"
    style={
      Object {
        "fontSize": "28px",
        "fontWeight": "bold",
      }
    }
  >
    Math Magicians
  </h1>
  <h2>
    Welcome to our page!
  </h2>
  <p>
    A calculator is a device that performs arithmetic operations on numbers. Basic calculators can do only addition, subtraction, multiplication and division mathematical calculations.
  </p>
  <p>
    A calculator is a small electronic device that makes mathematical calculations. It’s used by students, financial advisors, accountants, and many others when mental math won’t produce a fast, accurate answer
  </p>
</div>
`;
