// Jest Snapshot v1, https://goo.gl/fbAQLP

exports[`Test Quote component Test component should render properly 1`] = `
<div>
  <h1>
    Math Magicians!
  </h1>
  <p>
    Mathematics is not about numbers, equations, computations or algorithm, It is about understanding. William Paul Thurston
  </p>
</div>
`;
